Modules list:
-------------
hello_world.o:
    CODE              Offs=000000  Size=00000D  Align=00001  Fill=0000
    RODATA            Offs=000000  Size=000000  Align=00001  Fill=0000
    BSS               Offs=000000  Size=000000  Align=00001  Fill=0000
    DATA              Offs=000000  Size=000000  Align=00001  Fill=0000
    ZEROPAGE          Offs=000000  Size=000001  Align=00001  Fill=0000
    NULL              Offs=000000  Size=000000  Align=00001  Fill=0000
    HEADER            Offs=000000  Size=000008  Align=00001  Fill=0000
    STARTUP           Offs=000000  Size=0000BB  Align=00001  Fill=0000
    VECTORS           Offs=000000  Size=000006  Align=00001  Fill=0000
    CHR_BANK_0        Offs=000000  Size=002000  Align=00001  Fill=0000


Segment list:
-------------
Name                   Start     End    Size  Align
----------------------------------------------------
CHR_BANK_0            000000  001FFF  002000  00001
HEADER                000000  000007  000008  00001
NULL                  000000  000000  000000  00001
ZEROPAGE              000000  000000  000001  00001
BSS                   006000  006000  000000  00001
DATA                  006000  006000  000000  00001
STARTUP               008000  0080BA  0000BB  00001
CODE                  0080BB  0080C7  00000D  00001
RODATA                0080BB  0080BB  000000  00001
VECTORS               00FFFA  00FFFF  000006  00001


Exports list by name:
---------------------
__BSS_LOAD__              006000  LA    __BSS_RUN__               006000  LA    
__BSS_SIZE__              000000  EA    __DATA_LOAD__             0080BB  LA    
__DATA_RUN__              006000  LA    __DATA_SIZE__             000000  EA    
__RAM_FILEOFFS__          000000  EA    __RAM_LAST__              006000  LA    
__RAM_SIZE__              002000  EA    __RAM_START__             006000  LA    
__RODATA_LOAD__           0080BB  LA    __RODATA_RUN__            0080BB  LA    
__RODATA_SIZE__           000000  EA    __SRAM_FILEOFFS__         000000  EA    
__SRAM_LAST__             000500  LA    __SRAM_SIZE__             000300  EA    
__SRAM_START__            000500  LA    __STACKSIZE__             000300 REA    
__STARTUP_LOAD__          008000  LA    __STARTUP_RUN__           008000  LA    
__STARTUP_SIZE__          0000BB  EA    __ZP_FILEOFFS__           000000  EA    
__ZP_LAST__               000001  LA    __ZP_SIZE__               000100  EA    
__ZP_START__              000000  LA    


Exports list by value:
----------------------
__RODATA_SIZE__           000000  EA    __ZP_FILEOFFS__           000000  EA    
__BSS_SIZE__              000000  EA    __SRAM_FILEOFFS__         000000  EA    
__ZP_START__              000000  LA    __DATA_SIZE__             000000  EA    
__RAM_FILEOFFS__          000000  EA    __ZP_LAST__               000001  LA    
__STARTUP_SIZE__          0000BB  EA    __ZP_SIZE__               000100  EA    
__SRAM_SIZE__             000300  EA    __STACKSIZE__             000300 REA    
__SRAM_LAST__             000500  LA    __SRAM_START__            000500  LA    
__RAM_SIZE__              002000  EA    __RAM_LAST__              006000  LA    
__RAM_START__             006000  LA    __BSS_RUN__               006000  LA    
__DATA_RUN__              006000  LA    __BSS_LOAD__              006000  LA    
__STARTUP_LOAD__          008000  LA    __STARTUP_RUN__           008000  LA    
__RODATA_LOAD__           0080BB  LA    __RODATA_RUN__            0080BB  LA    
__DATA_LOAD__             0080BB  LA    


Imports list:
-------------
__BSS_LOAD__ ([linker generated]):
__BSS_RUN__ ([linker generated]):
__BSS_SIZE__ ([linker generated]):
__DATA_LOAD__ ([linker generated]):
__DATA_RUN__ ([linker generated]):
__DATA_SIZE__ ([linker generated]):
__RAM_FILEOFFS__ ([linker generated]):
__RAM_LAST__ ([linker generated]):
__RAM_SIZE__ ([linker generated]):
__RAM_START__ ([linker generated]):
__RODATA_LOAD__ ([linker generated]):
__RODATA_RUN__ ([linker generated]):
__RODATA_SIZE__ ([linker generated]):
__SRAM_FILEOFFS__ ([linker generated]):
__SRAM_LAST__ ([linker generated]):
__SRAM_SIZE__ ([linker generated]):
__SRAM_START__ ([linker generated]):
__STACKSIZE__ ([linker generated]):
    [linker generated]        hello_world.cfg:26
__STARTUP_LOAD__ ([linker generated]):
__STARTUP_RUN__ ([linker generated]):
__STARTUP_SIZE__ ([linker generated]):
__ZP_FILEOFFS__ ([linker generated]):
__ZP_LAST__ ([linker generated]):
__ZP_SIZE__ ([linker generated]):
__ZP_START__ ([linker generated]):

